// Jest Snapshot v1, https://goo.gl/fbAQLP

exports[` 1`] = `undefined`;

exports[`<LoginPage />  UI Component render default login-page 1`] = `
<Provider
  store={
    Object {
      "clearActions": [Function],
      "dispatch": [Function],
      "getActions": [Function],
      "getState": [Function],
      "replaceReducer": [Function],
      "subscribe": [Function],
    }
  }
>
  <BrowserRouter>
    <Router
      history={
        Object {
          "action": "POP",
          "block": [Function],
          "createHref": [Function],
          "go": [Function],
          "goBack": [Function],
          "goForward": [Function],
          "length": 1,
          "listen": [Function],
          "location": Object {
            "hash": "",
            "pathname": "/",
            "search": "",
            "state": undefined,
          },
          "push": [Function],
          "replace": [Function],
        }
      }
    >
      <Connect(LoginPage)>
        <LoginPage
          action={
            Object {
              "login": [Function],
            }
          }
          logged={false}
        >
          <div
            className="form-wrapper"
          >
            <form
              className="login-form"
              onSubmit={[Function]}
            >
              <div
                className="mdc-component mdc-component__textfield"
              >
                <div
                  className="mdc-component__containers"
                  dir-horizontal=""
                >
                  <div
                    className="mdc-component__section mdc-component__section--size-narrow"
                  >
                    <div
                      className="mdc-component__containers__primary mdc-textfield--theme-primary"
                    >
                      <div
                        className="mdc-textfield"
                      >
                        <input
                          className="mdc-textfield__input"
                          id="loginName"
                          minLength={3}
                          name="loginName"
                          pattern="[A-z.]+"
                          placeholder="Your name"
                          required={true}
                          type="text"
                        />
                        <label
                          className="mdc-textfield__label mdc-textfield__label--float-above"
                          htmlFor="loginName"
                        >
                          Name
                        </label>
                      </div>
                    </div>
                    <div
                      className="mdc-component__containers__secondary mdc-textfield--theme-primary"
                    >
                      <div
                        className="mdc-textfield"
                      >
                        <input
                          className="mdc-textfield__input"
                          id="loginPassword"
                          name="loginPassword"
                          placeholder="Your password"
                          required={true}
                          type="password"
                        />
                        <label
                          className="mdc-textfield__label mdc-textfield__label--float-above"
                          htmlFor="loginPassword"
                        >
                          Passsword
                        </label>
                      </div>
                    </div>
                    <div
                      className="mdc-component mdc-component__buttons"
                    >
                      <div
                        className="mdc-component__containers__primary"
                      >
                        <button
                          className="mdc-button mdc-button--raised"
                          name="login-btn"
                          type="submit"
                        >
                          Submit
                        </button>
                      </div>
                    </div>
                  </div>
                </div>
              </div>
            </form>
          </div>
        </LoginPage>
      </Connect(LoginPage)>
    </Router>
  </BrowserRouter>
</Provider>
`;

exports[`<LoginPage />  UI Component render default login-page wit logged === false 1`] = `
<Provider
  store={
    Object {
      "clearActions": [Function],
      "dispatch": [Function],
      "getActions": [Function],
      "getState": [Function],
      "replaceReducer": [Function],
      "subscribe": [Function],
    }
  }
>
  <BrowserRouter>
    <Router
      history={
        Object {
          "action": "POP",
          "block": [Function],
          "createHref": [Function],
          "go": [Function],
          "goBack": [Function],
          "goForward": [Function],
          "length": 1,
          "listen": [Function],
          "location": Object {
            "hash": "",
            "pathname": "/",
            "search": "",
            "state": undefined,
          },
          "push": [Function],
          "replace": [Function],
        }
      }
    >
      <Connect(LoginPage)>
        <LoginPage
          action={
            Object {
              "login": [Function],
            }
          }
          logged={false}
        >
          <div
            className="form-wrapper"
          >
            <form
              className="login-form"
              onSubmit={[Function]}
            >
              <div
                className="mdc-component mdc-component__textfield"
              >
                <div
                  className="mdc-component__containers"
                  dir-horizontal=""
                >
                  <div
                    className="mdc-component__section mdc-component__section--size-narrow"
                  >
                    <div
                      className="mdc-component__containers__primary mdc-textfield--theme-primary"
                    >
                      <div
                        className="mdc-textfield"
                      >
                        <input
                          className="mdc-textfield__input"
                          id="loginName"
                          minLength={3}
                          name="loginName"
                          pattern="[A-z.]+"
                          placeholder="Your name"
                          required={true}
                          type="text"
                        />
                        <label
                          className="mdc-textfield__label mdc-textfield__label--float-above"
                          htmlFor="loginName"
                        >
                          Name
                        </label>
                      </div>
                    </div>
                    <div
                      className="mdc-component__containers__secondary mdc-textfield--theme-primary"
                    >
                      <div
                        className="mdc-textfield"
                      >
                        <input
                          className="mdc-textfield__input"
                          id="loginPassword"
                          name="loginPassword"
                          placeholder="Your password"
                          required={true}
                          type="password"
                        />
                        <label
                          className="mdc-textfield__label mdc-textfield__label--float-above"
                          htmlFor="loginPassword"
                        >
                          Passsword
                        </label>
                      </div>
                    </div>
                    <div
                      className="mdc-component mdc-component__buttons"
                    >
                      <div
                        className="mdc-component__containers__primary"
                      >
                        <button
                          className="mdc-button mdc-button--raised"
                          name="login-btn"
                          type="submit"
                        >
                          Submit
                        </button>
                      </div>
                    </div>
                  </div>
                </div>
              </div>
            </form>
          </div>
        </LoginPage>
      </Connect(LoginPage)>
    </Router>
  </BrowserRouter>
</Provider>
`;

exports[`<LoginPage />  UI Component when clicking the login-btn 1`] = `
<Provider
  store={
    Object {
      "clearActions": [Function],
      "dispatch": [Function],
      "getActions": [Function],
      "getState": [Function],
      "replaceReducer": [Function],
      "subscribe": [Function],
    }
  }
>
  <BrowserRouter>
    <Router
      history={
        Object {
          "action": "POP",
          "block": [Function],
          "createHref": [Function],
          "go": [Function],
          "goBack": [Function],
          "goForward": [Function],
          "length": 1,
          "listen": [Function],
          "location": Object {
            "hash": "",
            "pathname": "/",
            "search": "",
            "state": undefined,
          },
          "push": [Function],
          "replace": [Function],
        }
      }
    >
      <Connect(LoginPage)>
        <LoginPage
          action={
            Object {
              "login": [Function],
            }
          }
          logged={false}
        >
          <div
            className="form-wrapper"
          >
            <form
              className="login-form"
              onSubmit={[Function]}
            >
              <div
                className="mdc-component mdc-component__textfield"
              >
                <div
                  className="mdc-component__containers"
                  dir-horizontal=""
                >
                  <div
                    className="mdc-component__section mdc-component__section--size-narrow"
                  >
                    <div
                      className="mdc-component__containers__primary mdc-textfield--theme-primary"
                    >
                      <div
                        className="mdc-textfield"
                      >
                        <input
                          className="mdc-textfield__input"
                          id="loginName"
                          minLength={3}
                          name="loginName"
                          pattern="[A-z.]+"
                          placeholder="Your name"
                          required={true}
                          type="text"
                        />
                        <label
                          className="mdc-textfield__label mdc-textfield__label--float-above"
                          htmlFor="loginName"
                        >
                          Name
                        </label>
                      </div>
                    </div>
                    <div
                      className="mdc-component__containers__secondary mdc-textfield--theme-primary"
                    >
                      <div
                        className="mdc-textfield"
                      >
                        <input
                          className="mdc-textfield__input"
                          id="loginPassword"
                          name="loginPassword"
                          placeholder="Your password"
                          required={true}
                          type="password"
                        />
                        <label
                          className="mdc-textfield__label mdc-textfield__label--float-above"
                          htmlFor="loginPassword"
                        >
                          Passsword
                        </label>
                      </div>
                    </div>
                    <div
                      className="mdc-component mdc-component__buttons"
                    >
                      <div
                        className="mdc-component__containers__primary"
                      >
                        <button
                          className="mdc-button mdc-button--raised"
                          name="login-btn"
                          type="submit"
                        >
                          Submit
                        </button>
                      </div>
                    </div>
                  </div>
                </div>
              </div>
            </form>
          </div>
        </LoginPage>
      </Connect(LoginPage)>
    </Router>
  </BrowserRouter>
</Provider>
`;

exports[`<LoginPage />  UI Component when clicking the login-btn 2`] = `
<Provider
  store={
    Object {
      "clearActions": [Function],
      "dispatch": [Function],
      "getActions": [Function],
      "getState": [Function],
      "replaceReducer": [Function],
      "subscribe": [Function],
    }
  }
>
  <BrowserRouter>
    <Router
      history={
        Object {
          "action": "POP",
          "block": [Function],
          "createHref": [Function],
          "go": [Function],
          "goBack": [Function],
          "goForward": [Function],
          "length": 1,
          "listen": [Function],
          "location": Object {
            "hash": "",
            "pathname": "/",
            "search": "",
            "state": undefined,
          },
          "push": [Function],
          "replace": [Function],
        }
      }
    >
      <Connect(LoginPage)>
        <LoginPage
          action={
            Object {
              "login": [Function],
            }
          }
          logged={false}
        >
          <div
            className="form-wrapper"
          >
            <form
              className="login-form"
              onSubmit={[Function]}
            >
              <div
                className="mdc-component mdc-component__textfield"
              >
                <div
                  className="mdc-component__containers"
                  dir-horizontal=""
                >
                  <div
                    className="mdc-component__section mdc-component__section--size-narrow"
                  >
                    <div
                      className="mdc-component__containers__primary mdc-textfield--theme-primary"
                    >
                      <div
                        className="mdc-textfield"
                      >
                        <input
                          className="mdc-textfield__input"
                          id="loginName"
                          minLength={3}
                          name="loginName"
                          pattern="[A-z.]+"
                          placeholder="Your name"
                          required={true}
                          type="text"
                        />
                        <label
                          className="mdc-textfield__label mdc-textfield__label--float-above"
                          htmlFor="loginName"
                        >
                          Name
                        </label>
                      </div>
                    </div>
                    <div
                      className="mdc-component__containers__secondary mdc-textfield--theme-primary"
                    >
                      <div
                        className="mdc-textfield"
                      >
                        <input
                          className="mdc-textfield__input"
                          id="loginPassword"
                          name="loginPassword"
                          placeholder="Your password"
                          required={true}
                          type="password"
                        />
                        <label
                          className="mdc-textfield__label mdc-textfield__label--float-above"
                          htmlFor="loginPassword"
                        >
                          Passsword
                        </label>
                      </div>
                    </div>
                    <div
                      className="mdc-component mdc-component__buttons"
                    >
                      <div
                        className="mdc-component__containers__primary"
                      >
                        <button
                          className="mdc-button mdc-button--raised"
                          name="login-btn"
                          type="submit"
                        >
                          Submit
                        </button>
                      </div>
                    </div>
                  </div>
                </div>
              </div>
            </form>
          </div>
        </LoginPage>
      </Connect(LoginPage)>
    </Router>
  </BrowserRouter>
</Provider>
`;

exports[`<LoginPage />  UI Component when submitting the form 1`] = `
<Provider
  store={
    Object {
      "clearActions": [Function],
      "dispatch": [Function],
      "getActions": [Function],
      "getState": [Function],
      "replaceReducer": [Function],
      "subscribe": [Function],
    }
  }
>
  <BrowserRouter>
    <Router
      history={
        Object {
          "action": "POP",
          "block": [Function],
          "createHref": [Function],
          "go": [Function],
          "goBack": [Function],
          "goForward": [Function],
          "length": 1,
          "listen": [Function],
          "location": Object {
            "hash": "",
            "pathname": "/",
            "search": "",
            "state": undefined,
          },
          "push": [Function],
          "replace": [Function],
        }
      }
    >
      <Connect(LoginPage)>
        <LoginPage
          action={
            Object {
              "login": [Function],
            }
          }
          logged={false}
        >
          <div
            className="form-wrapper"
          >
            <form
              className="login-form"
              onSubmit={[Function]}
            >
              <div
                className="mdc-component mdc-component__textfield"
              >
                <div
                  className="mdc-component__containers"
                  dir-horizontal=""
                >
                  <div
                    className="mdc-component__section mdc-component__section--size-narrow"
                  >
                    <div
                      className="mdc-component__containers__primary mdc-textfield--theme-primary"
                    >
                      <div
                        className="mdc-textfield"
                      >
                        <input
                          className="mdc-textfield__input"
                          id="loginName"
                          minLength={3}
                          name="loginName"
                          pattern="[A-z.]+"
                          placeholder="Your name"
                          required={true}
                          type="text"
                        />
                        <label
                          className="mdc-textfield__label mdc-textfield__label--float-above"
                          htmlFor="loginName"
                        >
                          Name
                        </label>
                      </div>
                    </div>
                    <div
                      className="mdc-component__containers__secondary mdc-textfield--theme-primary"
                    >
                      <div
                        className="mdc-textfield"
                      >
                        <input
                          className="mdc-textfield__input"
                          id="loginPassword"
                          name="loginPassword"
                          placeholder="Your password"
                          required={true}
                          type="password"
                        />
                        <label
                          className="mdc-textfield__label mdc-textfield__label--float-above"
                          htmlFor="loginPassword"
                        >
                          Passsword
                        </label>
                      </div>
                    </div>
                    <div
                      className="mdc-component mdc-component__buttons"
                    >
                      <div
                        className="mdc-component__containers__primary"
                      >
                        <button
                          className="mdc-button mdc-button--raised"
                          name="login-btn"
                          type="submit"
                        >
                          Submit
                        </button>
                      </div>
                    </div>
                  </div>
                </div>
              </div>
            </form>
          </div>
        </LoginPage>
      </Connect(LoginPage)>
    </Router>
  </BrowserRouter>
</Provider>
`;
